// Jest Snapshot v1, https://goo.gl/fbAQLP

exports[`App UI tests should creates the snapshot of App 1`] = `
Array [
  <section
    className="c-bg-main f f-justify-center f-align-center h-100"
  >
    <img
      alt="logo"
      className="m-right-2 sc-htpNat hBjRQC"
      onClick={[Function]}
      src="logo.png"
      width="40px"
    />
    <form
      className="w-70 m-1 f f-nowrap border-none"
      onSubmit={[Function]}
    >
      <input
        className="w-90 border-none p-left-1 sc-bwzfXH cTfCml"
        id="styled-input__test"
        onChange={[Function]}
      />
      <button
        className="clear-button c-bg-main-background w-10 f f-align-center f-justify-center search__button-test"
        type="submit"
      >
        <img
          alt="search"
          className="sc-bdVaJa ivyanX"
          src="search.svg"
        />
      </button>
    </form>
  </section>,
  <section
    className="m-3 p-2 c-bg-white f f-column sc-gzVnrw inesvW"
  >
    <header
      className="m-bottom-1 c-orange"
    >
      Escreva na busca o que você deseja encontrar
    </header>
    <ul
      className="f f-column p-left-2 font-size-0-8"
    >
      <li
        className="m-bottom-2 f"
      >
        <span>
          &gt;
        </span>
         
        <article
          className="m-left-2"
        >
          <span
            className="font-weight-2"
          >
            Insira a sua busca
          </span>
           no campo que aparece na parte superior da página.
        </article>
      </li>
      <li
        className="f"
      >
        <span>
          &gt;
        </span>
         
        <article
          className="m-left-2"
        >
          <a
            className="clear-link sc-htoDjs dzsjZr"
            href="/"
          >
            Navegue pela categoria de produtos
          </a>
           
          para encontrar o produto que você está buscando.
        </article>
      </li>
    </ul>
  </section>,
]
`;
